[jthemes.net/themes/html/medservices/index.html]
[backblue.gif]
[fade.gif]
[index.html]
[jthemes.net/themes/html/medservices/assests/images/icons/favicon.ico]
[jthemes.net/themes/html/medservices/assests/images/icons/apple-touch-icon-152x152.png]
[jthemes.net/themes/html/medservices/assests/images/icons/apple-touch-icon-120x120.png]
[jthemes.net/themes/html/medservices/assests/images/icons/apple-touch-icon-76x76.png]
[jthemes.net/themes/html/medservices/assests/images/icons/apple-touch-icon.png]
[use.fontawesome.com/releases/v5.7.2/css/all.css]
[jthemes.net/themes/html/medservices/assests/css/owl.carousel.min.css]
[jthemes.net/themes/html/medservices/assests/css/owl.theme.default.min.css]
[jthemes.net/themes/html/medservices/assests/css/animate.min.css]
[jthemes.net/themes/html/medservices/assests/css/bootstrap.min.css]
[jthemes.net/themes/html/medservices/assests/css/style.css]
[jthemes.net/themes/html/medservices/assests/images/hero-logo.png]
[jthemes.net/themes/html/medservices/assests/images/layout-1.jpg]
[jthemes.net/themes/html/medservices/assests/images/layout-2.jpg]
[jthemes.net/themes/html/medservices/files/demo-1.html]
[jthemes.net/themes/html/medservices/assests/images/layout-3.jpg]
[jthemes.net/themes/html/medservices/files/demo-2.html]
[jthemes.net/themes/html/medservices/files/demo-3.html]
[jthemes.net/themes/html/medservices/assests/images/layout-4.jpg]
[jthemes.net/themes/html/medservices/assests/images/layout-5.jpg]
[jthemes.net/themes/html/medservices/files/demo-4.html]
[jthemes.net/themes/html/medservices/files/demo-5.html]
[jthemes.net/themes/html/medservices/assests/images/layout-6.jpg]
[jthemes.net/themes/html/medservices/files/demo-6.html]
[jthemes.net/themes/html/medservices/assests/images/layout-7.jpg]
[jthemes.net/themes/html/medservices/files/demo-7.html]
[jthemes.net/themes/html/medservices/assests/images/layout-8.jpg]
[jthemes.net/themes/html/medservices/assests/images/layout-9.jpg]
[jthemes.net/themes/html/medservices/files/demo-8.html]
[jthemes.net/themes/html/medservices/files/demo-9.html]
[jthemes.net/themes/html/medservices/assests/images/layout-10.jpg]
[jthemes.net/themes/html/medservices/assests/images/layout-11.jpg]
[jthemes.net/themes/html/medservices/files/demo-10.html]
[jthemes.net/themes/html/medservices/assests/images/layout-12.jpg]
[jthemes.net/themes/html/medservices/files/demo-11.html]
[jthemes.net/themes/html/medservices/assests/images/icons/layouts.png]
[jthemes.net/themes/html/medservices/files/demo-12.html]
[jthemes.net/themes/html/medservices/assests/images/icons/responsive.png]
[jthemes.net/themes/html/medservices/assests/images/icons/seo.png]
[jthemes.net/themes/html/medservices/assests/images/icons/browser.png]
[jthemes.net/themes/html/medservices/assests/images/icons/speed.png]
[jthemes.net/themes/html/medservices/assests/images/icons/font.png]
[jthemes.net/themes/html/medservices/assests/images/icons/settings.png]
[jthemes.net/themes/html/medservices/assests/images/icons/menu.png]
[jthemes.net/themes/html/medservices/assests/images/icons/calendar.png]
[jthemes.net/themes/html/medservices/assests/images/icons/medical.png]
[jthemes.net/themes/html/medservices/assests/images/icons/booking.png]
[jthemes.net/themes/html/medservices/assests/images/banner-1.png]
[jthemes.net/themes/html/medservices/assests/images/about.jpg]
[jthemes.net/themes/html/medservices/files/about-us.html]
[jthemes.net/themes/html/medservices/assests/images/who-we-are.jpg]
[jthemes.net/themes/html/medservices/files/who-we-are.html]
[jthemes.net/themes/html/medservices/assests/images/services.jpg]
[jthemes.net/themes/html/medservices/files/all-services.html]
[jthemes.net/themes/html/medservices/assests/images/service-1.jpg]
[jthemes.net/themes/html/medservices/files/service-1.html]
[jthemes.net/themes/html/medservices/assests/images/service-2.jpg]
[jthemes.net/themes/html/medservices/files/service-2.html]
[jthemes.net/themes/html/medservices/assests/images/departments.jpg]
[jthemes.net/themes/html/medservices/files/all-departments.html]
[jthemes.net/themes/html/medservices/assests/images/department-single.jpg]
[jthemes.net/themes/html/medservices/files/department-single.html]
[jthemes.net/themes/html/medservices/assests/images/doctors.jpg]
[jthemes.net/themes/html/medservices/files/all-doctors.html]
[jthemes.net/themes/html/medservices/assests/images/doctor-1.jpg]
[jthemes.net/themes/html/medservices/files/doctor-1.html]
[jthemes.net/themes/html/medservices/assests/images/doctor-2.jpg]
[jthemes.net/themes/html/medservices/files/doctor-2.html]
[jthemes.net/themes/html/medservices/assests/images/pricing-1.jpg]
[jthemes.net/themes/html/medservices/assests/images/pricing-2.jpg]
[jthemes.net/themes/html/medservices/files/pricing-2.html]
[jthemes.net/themes/html/medservices/assests/images/timetable.jpg]
[jthemes.net/themes/html/medservices/files/timetable.html]
[jthemes.net/themes/html/medservices/assests/images/appointment.jpg]
[jthemes.net/themes/html/medservices/files/appointment.html]
[jthemes.net/themes/html/medservices/assests/images/blog-listing.jpg]
[jthemes.net/themes/html/medservices/assests/images/single-post.jpg]
[jthemes.net/themes/html/medservices/files/blog-listing.html]
[jthemes.net/themes/html/medservices/files/single-post.html]
[jthemes.net/themes/html/medservices/assests/images/gallery.jpg]
[jthemes.net/themes/html/medservices/files/gallery.html]
[jthemes.net/themes/html/medservices/assests/images/faqs.jpg]
[jthemes.net/themes/html/medservices/assests/images/terms.jpg]
[jthemes.net/themes/html/medservices/files/terms.html]
[jthemes.net/themes/html/medservices/files/faqs.html]
[jthemes.net/themes/html/medservices/assests/images/contacts-1.jpg]
[jthemes.net/themes/html/medservices/files/contacts-1.html]
[jthemes.net/themes/html/medservices/assests/images/contacts-2.jpg]
[jthemes.net/themes/html/medservices/files/contacts-2.html]
[jthemes.net/themes/html/medservices/assests/images/banner-2.png]
[jthemes.net/themes/html/medservices/assests/js/jquery-3.3.1.min.js]
[jthemes.net/themes/html/medservices/assests/js/bootstrap.min.js]
[jthemes.net/themes/html/medservices/assests/js/jquery.appear.js]
[jthemes.net/themes/html/medservices/assests/js/modernizr.custom.js]
[jthemes.net/themes/html/medservices/assests/js/jquery.easing.js]
[jthemes.net/themes/html/medservices/assests/js/owl.carousel.min.js]
[jthemes.net/themes/html/medservices/index.html]
[jthemes.net/themes/html/medservices/assests/css/bootstrap.min.css]
[use.fontawesome.com/releases/v5.7.2/css/all.css]
[jthemes.net/themes/html/medservices/assests/js/wow.js]
[jthemes.net/themes/html/medservices/assests/css/owl.video.play.png]
[jthemes.net/themes/html/medservices/assests/css/owl.carousel.min.css]
[jthemes.net/themes/html/medservices/assests/css/owl.theme.default.min.css]
[jthemes.net/themes/html/medservices/assests/css/animate.min.css]
[jthemes.net/themes/html/medservices/assests/images/loader.gif]
[jthemes.net/themes/html/medservices/assests/images/hero.jpg]
[jthemes.net/themes/html/medservices/assests/images/banner-1.jpg]
[jthemes.net/themes/html/medservices/assests/images/icons/back-to-top.png]
[jthemes.net/themes/html/medservices/assests/css/style.css]
[jthemes.net/themes/html/medservices/files/images/favicon.ico]
[jthemes.net/themes/html/medservices/files/images/apple-touch-icon-152x152.png]
[jthemes.net/themes/html/medservices/files/images/apple-touch-icon-120x120.png]
[jthemes.net/themes/html/medservices/files/images/apple-touch-icon-76x76.png]
[jthemes.net/themes/html/medservices/files/images/apple-touch-icon.png]
[jthemes.net/themes/html/medservices/files/css/flaticon.css]
[jthemes.net/themes/html/medservices/files/css/menu.css]
[jthemes.net/themes/html/medservices/files/css/bootstrap.min.css]
[jthemes.net/themes/html/medservices/files/css/dropdown-effects/fade-down.css]
[jthemes.net/themes/html/medservices/files/css/magnific-popup.css]
[jthemes.net/themes/html/medservices/files/css/owl.carousel.min.css]
[jthemes.net/themes/html/medservices/files/css/owl.theme.default.min.css]
[jthemes.net/themes/html/medservices/files/css/animate.css]
[jthemes.net/themes/html/medservices/files/css/jquery.datetimepicker.min.css]
[jthemes.net/themes/html/medservices/files/images/color-scheme/l-01.jpg]
[jthemes.net/themes/html/medservices/files/css/style.css]
[jthemes.net/themes/html/medservices/files/css/responsive.css]
[jthemes.net/themes/html/medservices/files/images/color-scheme/l-03.jpg]
[jthemes.net/themes/html/medservices/files/images/color-scheme/l-04.jpg]
[jthemes.net/themes/html/medservices/files/images/color-scheme/l-05.jpg]
[jthemes.net/themes/html/medservices/files/images/color-scheme/l-06.jpg]
[jthemes.net/themes/html/medservices/files/images/color-scheme/l-07.jpg]
[jthemes.net/themes/html/medservices/files/images/color-scheme/l-08.jpg]
[jthemes.net/themes/html/medservices/files/images/color-scheme/l-09.jpg]
[jthemes.net/themes/html/medservices/files/images/color-scheme/l-10.jpg]
[jthemes.net/themes/html/medservices/files/images/color-scheme/l-11.jpg]
[jthemes.net/themes/html/medservices/files/images/color-scheme/l-12.jpg]
[jthemes.net/themes/html/medservices/files/images/logo-grey.png]
[jthemes.net/themes/html/medservices/files/images/blog/featured-news.jpg]
[jthemes.net/themes/html/medservices/files/images/blog/latest-post-1.jpg]
[jthemes.net/themes/html/medservices/files/images/blog/latest-post-2.jpg]
[jthemes.net/themes/html/medservices/files/images/blog/latest-post-3.jpg]
[jthemes.net/themes/html/medservices/files/images/hero-1-img.png]
[jthemes.net/themes/html/medservices/files/images/image-03.png]
[jthemes.net/themes/html/medservices/files/images/signature.png]
[jthemes.net/themes/html/medservices/files/images/image-04.png]
[jthemes.net/themes/html/medservices/files/images/video-1.png]
[jthemes.net/themes/html/medservices/files/images/review-author-1.jpg]
[jthemes.net/themes/html/medservices/files/images/review-author-2.jpg]
[jthemes.net/themes/html/medservices/files/images/review-author-3.jpg]
[jthemes.net/themes/html/medservices/files/images/review-author-4.jpg]
[jthemes.net/themes/html/medservices/files/images/review-author-5.jpg]
[jthemes.net/themes/html/medservices/files/images/review-author-6.jpg]
[jthemes.net/themes/html/medservices/files/images/review-author-7.jpg]
[jthemes.net/themes/html/medservices/files/images/review-author-8.jpg]
[jthemes.net/themes/html/medservices/files/images/review-author-9.jpg]
[jthemes.net/themes/html/medservices/files/images/doctor-1.jpg]
[jthemes.net/themes/html/medservices/files/images/doctor-2.jpg]
[jthemes.net/themes/html/medservices/files/images/doctor-3.jpg]
[jthemes.net/themes/html/medservices/files/images/doctor-4.jpg]
[jthemes.net/themes/html/medservices/files/images/pediatrics_700x700.jpg]
[jthemes.net/themes/html/medservices/files/images/hematology_700x700.jpg]
[jthemes.net/themes/html/medservices/files/images/mri_700x700.jpg]
[jthemes.net/themes/html/medservices/files/images/x-ray_700x700.jpg]
[jthemes.net/themes/html/medservices/files/images/blog/post-1-img.jpg]
[jthemes.net/themes/html/medservices/files/images/blog/post-2-img.jpg]
[jthemes.net/themes/html/medservices/files/images/blog/post-3-img.jpg]
[jthemes.net/themes/html/medservices/files/images/image-05.png]
[jthemes.net/themes/html/medservices/files/images/footer-logo.png]
[jthemes.net/themes/html/medservices/files/js/jquery-3.3.1.min.js]
[jthemes.net/themes/html/medservices/files/js/modernizr.custom.js]
[jthemes.net/themes/html/medservices/files/js/bootstrap.min.js]
[jthemes.net/themes/html/medservices/files/js/jquery.easing.js]
[jthemes.net/themes/html/medservices/files/js/jquery.appear.js]
[jthemes.net/themes/html/medservices/files/js/jquery.stellar.min.js]
[jthemes.net/themes/html/medservices/files/js/menu.js]
[jthemes.net/themes/html/medservices/files/js/sticky.js]
[jthemes.net/themes/html/medservices/files/js/jquery.scrollto.js]
[jthemes.net/themes/html/medservices/files/js/owl.carousel.min.js]
[jthemes.net/themes/html/medservices/files/js/jquery.magnific-popup.min.js]
[jthemes.net/themes/html/medservices/files/js/imagesloaded.pkgd.min.js]
[jthemes.net/themes/html/medservices/files/js/hero-form.js]
[jthemes.net/themes/html/medservices/files/js/isotope.pkgd.min.js]
[jthemes.net/themes/html/medservices/files/js/contact-form.js]
[jthemes.net/themes/html/medservices/files/js/comment-form.js]
[jthemes.net/themes/html/medservices/files/js/appointment-form.js]
[jthemes.net/themes/html/medservices/files/js/jquery.validate.min.js]
[jthemes.net/themes/html/medservices/files/js/jquery.ajaxchimp.min.js]
[jthemes.net/themes/html/medservices/files/js/jquery.datetimepicker.full.js]
[jthemes.net/themes/html/medservices/files/js/wow.js]
[jthemes.net/themes/html/medservices/files/js/custom.js]
[jthemes.net/themes/html/medservices/files/js/changer.js]
[jthemes.net/themes/html/medservices/files/js/styleswitch.js]
[jthemes.net/themes/html/medservices/files/demo-1.html]
[jthemes.net/themes/html/medservices/files/images/logo.png]
[jthemes.net/themes/html/medservices/files/images/slider/slide-1.jpg]
[jthemes.net/themes/html/medservices/files/images/slider/slide-2.jpg]
[jthemes.net/themes/html/medservices/files/images/quality_care_800x600.jpg]
[jthemes.net/themes/html/medservices/files/images/emergency_help_800x600.jpg]
[jthemes.net/themes/html/medservices/files/images/medical_complex_700x700.jpg]
[jthemes.net/themes/html/medservices/files/images/gallery/image-1.jpg]
[jthemes.net/themes/html/medservices/files/images/gallery/image-3.jpg]
[jthemes.net/themes/html/medservices/files/images/gallery/image-4.jpg]
[jthemes.net/themes/html/medservices/files/images/gallery/image-5.jpg]
[jthemes.net/themes/html/medservices/files/images/gallery/image-6.jpg]
[jthemes.net/themes/html/medservices/files/images/gallery/image-8.jpg]
[jthemes.net/themes/html/medservices/files/images/image-02.png]
[jthemes.net/themes/html/medservices/files/demo-2.html]
[jthemes.net/themes/html/medservices/files/images/slider/slide-11.jpg]
[jthemes.net/themes/html/medservices/files/images/slider/slide-12.jpg]
[jthemes.net/themes/html/medservices/files/images/slider/slide-13.jpg]
[jthemes.net/themes/html/medservices/files/images/pediatrics_700x800.jpg]
[jthemes.net/themes/html/medservices/files/images/image-06.png]
[jthemes.net/themes/html/medservices/files/images/footer-logo-white.png]
[jthemes.net/themes/html/medservices/files/demo-3.html]
[jthemes.net/themes/html/medservices/files/images/blog/header-post-1.jpg]
[jthemes.net/themes/html/medservices/files/images/blog/header-post-2.jpg]
[jthemes.net/themes/html/medservices/files/images/blog/header-post-3.jpg]
[jthemes.net/themes/html/medservices/files/images/chief_doctor_700x800.jpg]
[jthemes.net/themes/html/medservices/files/images/emergency_help_700x800.jpg]
[jthemes.net/themes/html/medservices/files/demo-4.html]
[jthemes.net/themes/html/medservices/files/images/image-07.png]
[jthemes.net/themes/html/medservices/files/demo-5.html]
[jthemes.net/themes/html/medservices/files/images/slider/slide-5.jpg]
[jthemes.net/themes/html/medservices/files/images/slider/slide-6.jpg]
[jthemes.net/themes/html/medservices/files/images/neurology_700x700.jpg]
[jthemes.net/themes/html/medservices/files/images/cardiology_700x700.jpg]
[jthemes.net/themes/html/medservices/files/images/laboratory_700x700.jpg]
[jthemes.net/themes/html/medservices/files/images/emergency_help_700x700.jpg]
[jthemes.net/themes/html/medservices/files/images/image-01.png]
[jthemes.net/themes/html/medservices/files/demo-6.html]
[jthemes.net/themes/html/medservices/files/images/slider/slide-7.jpg]
[jthemes.net/themes/html/medservices/files/images/slider/slide-9.jpg]
[jthemes.net/themes/html/medservices/files/images/kids_dentistry_800x600.jpg]
[jthemes.net/themes/html/medservices/files/images/dental_emergency_800x600.jpg]
[jthemes.net/themes/html/medservices/files/images/image-08.png]
[jthemes.net/themes/html/medservices/files/single-service.html]
[jthemes.net/themes/html/medservices/files/images/cosmetic_dentistry_800x600.jpg]
[jthemes.net/themes/html/medservices/files/images/tooth.png]
[jthemes.net/themes/html/medservices/files/images/image-12.png]
[jthemes.net/themes/html/medservices/files/images/icons/braces.png]
[jthemes.net/themes/html/medservices/files/images/icons/implant.png]
[jthemes.net/themes/html/medservices/files/images/icons/broken.png]
[jthemes.net/themes/html/medservices/files/images/icons/calculus.png]
[jthemes.net/themes/html/medservices/files/images/icons/equipment.png]
[jthemes.net/themes/html/medservices/files/images/icons/clean.png]
[jthemes.net/themes/html/medservices/files/images/icons/anesthetic.png]
[jthemes.net/themes/html/medservices/files/images/icons/caries.png]
[jthemes.net/themes/html/medservices/files/images/video-2.png]
[jthemes.net/themes/html/medservices/files/demo-7.html]
[jthemes.net/themes/html/medservices/files/images/slider/slide-14.jpg]
[jthemes.net/themes/html/medservices/files/images/slider/slide-15.jpg]
[jthemes.net/themes/html/medservices/files/images/breast_procedure_700x800.jpg]
[jthemes.net/themes/html/medservices/files/images/body_procedure_700x800.jpg]
[jthemes.net/themes/html/medservices/files/images/face_procedure_700x800.jpg]
[jthemes.net/themes/html/medservices/files/images/rec_procedure_700x800.jpg]
[jthemes.net/themes/html/medservices/files/images/image-10.png]
[jthemes.net/themes/html/medservices/files/images/video-3.png]
[jthemes.net/themes/html/medservices/files/images/bg-beauty.jpg]
[jthemes.net/themes/html/medservices/files/demo-8.html]
[jthemes.net/themes/html/medservices/files/images/image-09.png]
[jthemes.net/themes/html/medservices/files/demo-9.html]
[jthemes.net/themes/html/medservices/files/images/slider/slide-17.jpg]
[jthemes.net/themes/html/medservices/files/images/slider/slide-18.jpg]
[jthemes.net/themes/html/medservices/files/images/eye_exam_700x700.jpg]
[jthemes.net/themes/html/medservices/files/images/eye_correct_700x700.jpg]
[jthemes.net/themes/html/medservices/files/images/contact_lenses_700x700.jpg]
[jthemes.net/themes/html/medservices/files/images/kids_eye_correct_700x700.jpg]
[jthemes.net/themes/html/medservices/files/images/image-13.png]
[jthemes.net/themes/html/medservices/files/images/optometry-bg.jpg]
[jthemes.net/themes/html/medservices/files/demo-10.html]
[jthemes.net/themes/html/medservices/files/images/slider/slide-10.jpg]
[jthemes.net/themes/html/medservices/files/pricing.html]
[jthemes.net/themes/html/medservices/files/demo-11.html]
[jthemes.net/themes/html/medservices/files/demo-12.html]
[jthemes.net/themes/html/medservices/assests/images/icons/browser.html]
[jthemes.net/themes/html/medservices/assests/images/icons/blocks.png]
[jthemes.net/themes/html/medservices/files/about-us.html]
[jthemes.net/themes/html/medservices/files/images/image-11.png]
[jthemes.net/themes/html/medservices/files/who-we-are.html]
[jthemes.net/themes/html/medservices/files/images/pediatrics_1000x500.jpg]
[jthemes.net/themes/html/medservices/files/images/mri_1000x500.jpg]
[jthemes.net/themes/html/medservices/files/images/x-ray_1000x500.jpg]
[jthemes.net/themes/html/medservices/files/all-services.html]
[jthemes.net/themes/html/medservices/files/service-1.html]
[jthemes.net/themes/html/medservices/files/images/head-of-clinic.jpg]
[jthemes.net/themes/html/medservices/files/service-2.html]
[jthemes.net/themes/html/medservices/files/all-departments.html]
[jthemes.net/themes/html/medservices/files/departments.html]
[jthemes.net/themes/html/medservices/files/images/cardiology_1000x500.jpg]
[jthemes.net/themes/html/medservices/files/images/blog/image-widget.jpg]
[jthemes.net/themes/html/medservices/files/department-single.html]
[jthemes.net/themes/html/medservices/files/images/doctor-5.jpg]
[jthemes.net/themes/html/medservices/files/images/doctor-6.jpg]
[jthemes.net/themes/html/medservices/files/all-doctors.html]
[jthemes.net/themes/html/medservices/files/images/certificate-1.png]
[jthemes.net/themes/html/medservices/files/images/certificate-2.png]
[jthemes.net/themes/html/medservices/files/images/certificate-3.png]
[jthemes.net/themes/html/medservices/files/images/certificate-4.png]
[jthemes.net/themes/html/medservices/files/images/certificate-5.png]
[jthemes.net/themes/html/medservices/files/doctor-1.html]
[jthemes.net/themes/html/medservices/files/doctor-2.html]
[jthemes.net/themes/html/medservices/files/pricing-1.html]
[jthemes.net/themes/html/medservices/files/pricing-2.html]
[jthemes.net/themes/html/medservices/files/css/timetable.css]
[jthemes.net/themes/html/medservices/files/js/timetable.js]
[jthemes.net/themes/html/medservices/files/timetable.html]
[jthemes.net/themes/html/medservices/files/appointment.html]
[jthemes.net/themes/html/medservices/files/images/blog/post-4-img.jpg]
[jthemes.net/themes/html/medservices/files/images/blog/post-5-img.jpg]
[jthemes.net/themes/html/medservices/files/images/blog/post-6-img.jpg]
[jthemes.net/themes/html/medservices/files/blog-listing.html]
[jthemes.net/themes/html/medservices/files/images/post-author-1.jpg]
[jthemes.net/themes/html/medservices/files/images/post-author-2.jpg]
[jthemes.net/themes/html/medservices/files/images/post-author-3.jpg]
[jthemes.net/themes/html/medservices/files/images/post-author-4.jpg]
[jthemes.net/themes/html/medservices/files/single-post.html]
[jthemes.net/themes/html/medservices/files/images/gallery/image-9.jpg]
[jthemes.net/themes/html/medservices/files/images/gallery/image-10.jpg]
[jthemes.net/themes/html/medservices/files/images/gallery/image-11.jpg]
[jthemes.net/themes/html/medservices/files/images/gallery/image-12.jpg]
[jthemes.net/themes/html/medservices/files/images/gallery/image-14.jpg]
[jthemes.net/themes/html/medservices/files/images/gallery/image-15.jpg]
[jthemes.net/themes/html/medservices/files/images/gallery/image-16.jpg]
[jthemes.net/themes/html/medservices/files/images/gallery/image-17.jpg]
[jthemes.net/themes/html/medservices/files/images/gallery/image-19.jpg]
[jthemes.net/themes/html/medservices/files/images/gallery/image-20.jpg]
[jthemes.net/themes/html/medservices/files/gallery.html]
[jthemes.net/themes/html/medservices/files/faqs.html]
[jthemes.net/themes/html/medservices/files/terms.html]
[jthemes.net/themes/html/medservices/files/images/place-marker.png]
[jthemes.net/themes/html/medservices/files/contacts-1.html]
[jthemes.net/themes/html/medservices/files/contacts-2.html]
[jthemes.net/themes/html/medservices/assests/css/owl.video.play.html]
[jthemes.net/themes/html/medservices/files/css/bootstrap.min.css]
[jthemes.net/themes/html/medservices/assests/js/custom.js]
[jthemes.net/themes/html/medservices/files/fonts/Flaticon.eot]
[jthemes.net/themes/html/medservices/files/fonts/Flaticond41d.eot]
[jthemes.net/themes/html/medservices/files/fonts/Flaticon.woff]
[jthemes.net/themes/html/medservices/files/fonts/Flaticon.ttf]
[jthemes.net/themes/html/medservices/files/css/flaticon.css]
[jthemes.net/themes/html/medservices/files/images/bg01.jpg]
[jthemes.net/themes/html/medservices/files/css/menu.css]
[jthemes.net/themes/html/medservices/files/css/dropdown-effects/fade-down.css]
[jthemes.net/themes/html/medservices/files/css/magnific-popup.css]
[jthemes.net/themes/html/medservices/files/css/owl.video.play.png]
[jthemes.net/themes/html/medservices/files/css/owl.carousel.min.css]
[jthemes.net/themes/html/medservices/files/css/owl.theme.default.min.css]
[jthemes.net/themes/html/medservices/files/css/animate.css]
[jthemes.net/themes/html/medservices/files/css/jquery.datetimepicker.min.css]
[jthemes.net/themes/html/medservices/files/images/loader.gif]
[jthemes.net/themes/html/medservices/files/images/hero-1.jpg]
[jthemes.net/themes/html/medservices/files/images/hero-4.jpg]
[jthemes.net/themes/html/medservices/files/images/hero-5.jpg]
[jthemes.net/themes/html/medservices/files/fonts/Flaticon.svg]
[jthemes.net/themes/html/medservices/files/images/carousel/slide-1.jpg]
[jthemes.net/themes/html/medservices/files/images/carousel/slide-2.jpg]
[jthemes.net/themes/html/medservices/files/images/carousel/slide-3.jpg]
[jthemes.net/themes/html/medservices/files/images/next.svg]
[jthemes.net/themes/html/medservices/files/images/prev.svg]
[jthemes.net/themes/html/medservices/files/images/hero-12-img.jpg]
[jthemes.net/themes/html/medservices/files/images/info-5.jpg]
[jthemes.net/themes/html/medservices/files/images/info-7.jpg]
[jthemes.net/themes/html/medservices/files/images/info-8.jpg]
[jthemes.net/themes/html/medservices/files/images/info-9.jpg]
[jthemes.net/themes/html/medservices/files/images/statistic.jpg]
[jthemes.net/themes/html/medservices/files/images/doctor-profile.jpg]
[jthemes.net/themes/html/medservices/files/images/banner-1.jpg]
[jthemes.net/themes/html/medservices/files/images/banner-6.jpg]
[jthemes.net/themes/html/medservices/files/images/banner-7.jpg]
[jthemes.net/themes/html/medservices/files/images/banner-8.jpg]
[jthemes.net/themes/html/medservices/files/images/banner-4.jpg]
[jthemes.net/themes/html/medservices/files/images/contacts-1.jpg]
[jthemes.net/themes/html/medservices/files/images/footer-bg.jpg]
[jthemes.net/themes/html/medservices/files/images/breadcrumb.jpg]
[jthemes.net/themes/html/medservices/files/images/back-to-top.png]
[jthemes.net/themes/html/medservices/files/css/style.css]
[jthemes.net/themes/html/medservices/files/css/responsive.css]
[jthemes.net/themes/html/medservices/files/images/quote.png]
[jthemes.net/themes/html/medservices/files/images/color-scheme/l-02.jpg]
[jthemes.net/themes/html/medservices/files/images/slider/slide-4.jpg]
[jthemes.net/themes/html/medservices/files/images/gallery/image-2.jpg]
[jthemes.net/themes/html/medservices/files/js/materialize.js]
[jthemes.net/themes/html/medservices/files/images/blog/header-post-1.html]
[jthemes.net/themes/html/medservices/files/images/blog/header-post-2.html]
[jthemes.net/themes/html/medservices/files/images/blog/header-post-3.html]
[jthemes.net/themes/html/medservices/files/images/gallery/image-7.jpg]
[jthemes.net/themes/html/medservices/files/images/slider/slide-8.jpg]
[jthemes.net/themes/html/medservices/files/images/general_dentistry_800x600.jpg]
[jthemes.net/themes/html/medservices/files/single-service.html]
[jthemes.net/themes/html/medservices/files/pricing.html]
[jthemes.net/themes/html/medservices/files/images/slider/slide-16.jpg]
[jthemes.net/themes/html/medservices/files/images/hematology_1000x500.jpg]
[jthemes.net/themes/html/medservices/files/departments.html]
[jthemes.net/themes/html/medservices/files/pricing-1.html]
[jthemes.net/themes/html/medservices/files/css/timetable.css]
[jthemes.net/themes/html/medservices/files/images/gallery/image-13.jpg]
[jthemes.net/themes/html/medservices/files/about.html]
[jthemes.net/themes/html/medservices/files/fonts/Flaticon.svg]
[jthemes.net/themes/html/medservices/files/images/bg01.html]
[jthemes.net/themes/html/medservices/files/css/owl.video.play.html]
[jthemes.net/themes/html/medservices/files/images/next.svg]
[jthemes.net/themes/html/medservices/files/images/prev.svg]
[jthemes.net/themes/html/medservices/files/images/banner-2.jpg]
[jthemes.net/themes/html/medservices/files/images/contacts-1.html]
[jthemes.net/themes/html/medservices/files/about.html]
[jthemes.net/themes/html/medservices/files/images/info-6.jpg]
[jthemes.net/themes/html/medservices/files/images/gallery/image-18.jpg]
